exports[`<ResponsiveImage /> should render with default props 1`] = `
<Animate
  enter={
    Object {
      "animation": "fade",
      "duration": 1000
    }
  }
  keep={true}
  visible={false}>
  <div>
    <img
      alt="responsive"
      className="img"
      onLoad={[Function bound setImageLoadedState]}
      src={Object {}} />
  </div>
</Animate>
`;
