exports[`<SvgIcon /> should render with default props 1`] = `
<svg
  viewBox="0 0 24 24" />
`;
