exports[`<QueryNotFound /> should render with default props 1`] = `
<div>
  <div>
    ðŸ¤”
  </div>
  <div>
    <Heading
      align="center"
      strong={true}
      tag="h3">
      Sorry, but we couldn\'t find any items that matched your query.
    </Heading>
  </div>
</div>
`;
